// Jest Snapshot v1, https://goo.gl/fbAQLP

exports[`LoadingBar component should match snapshot 1`] = `
.c0 {
  height: 24px;
  border-radius: 4px;
}

.c1 {
  background-color: #D4D5D6;
  border-radius: 4px;
  display: -webkit-box;
  display: -webkit-flex;
  display: -ms-flexbox;
  display: flex;
  width: 100%;
  height: 100%;
}

.c3 {
  position: relative;
  top: -19px;
  left: 94%;
  font-size: 0.875rem;
  z-index: 2;
  width: -webkit-fit-content;
  width: -moz-fit-content;
  width: fit-content;
}

.c2 {
  background-color: #45B69C;
  width: 100%;
  border-bottom-left-radius: 4px;
  border-top-left-radius: 4px;
  border-bottom-right-radius: 4px;
  border-top-right-radius: 4px;
  height: 100%;
}

<div
  class="c0"
  data-testid="loading-bar"
>
  <div
    class="c1"
  >
    <div
      class="c2"
      data-testid="filled-bar"
      filled="100"
    />
  </div>
  <div
    class="c3"
  >
    0
     s
  </div>
</div>
`;
