// Jest Snapshot v1, https://goo.gl/fbAQLP

exports[`TotalsGroup component should match snapshot 1`] = `
<div
  class="sc-gtsrHT cIIqls"
  data-testid="totals-group"
>
  <div
    class="sc-bdnxRM kQbngr totals-component"
    data-testid="totals-component"
    type="primary"
  >
    <div>
      Foo
    </div>
    <div>
      4
    </div>
  </div>
  <div
    class="sc-bdnxRM kQbngr totals-component"
    data-testid="totals-component"
    type="primary"
  >
    <div>
      Bar
    </div>
    <div>
      0
    </div>
  </div>
  <div
    class="sc-bdnxRM kQbngr totals-component"
    data-testid="totals-component"
    type="primary"
  >
    <div>
      Foobar
    </div>
    <div>
      10
    </div>
  </div>
  <div
    class="sc-bdnxRM jceLen totals-component"
    data-testid="totals-component"
    type="secondary"
  >
    <div>
      <svg
        aria-hidden="true"
        class="svg-inline--fa fa-robot fa-w-20 "
        data-icon="robot"
        data-prefix="fas"
        focusable="false"
        role="img"
        viewBox="0 0 640 512"
        xmlns="http://www.w3.org/2000/svg"
      >
        <path
          d="M32,224H64V416H32A31.96166,31.96166,0,0,1,0,384V256A31.96166,31.96166,0,0,1,32,224Zm512-48V448a64.06328,64.06328,0,0,1-64,64H160a64.06328,64.06328,0,0,1-64-64V176a79.974,79.974,0,0,1,80-80H288V32a32,32,0,0,1,64,0V96H464A79.974,79.974,0,0,1,544,176ZM264,256a40,40,0,1,0-40,40A39.997,39.997,0,0,0,264,256Zm-8,128H192v32h64Zm96,0H288v32h64ZM456,256a40,40,0,1,0-40,40A39.997,39.997,0,0,0,456,256Zm-8,128H384v32h64ZM640,256V384a31.96166,31.96166,0,0,1-32,32H576V224h32A31.96166,31.96166,0,0,1,640,256Z"
          fill="currentColor"
        />
      </svg>
    </div>
    <div>
      6
    </div>
  </div>
</div>
`;
