// Jest Snapshot v1, https://goo.gl/fbAQLP

exports[`Modal component Given modal is open should match snapshot 1`] = `null`;
